

================================================================
== Synthesis Summary Report of 'testfft'
================================================================
+ General Information: 
    * Date:           Wed Aug 10 07:24:16 2022
    * Version:        2020.2 (Build 3064766 on Wed Nov 18 09:12:47 MST 2020)
    * Project:        testfft
    * Solution:       solution1 (Vivado IP Flow Target)
    * Product family: zynq
    * Target device:  xc7z020-clg400-1
    

+ Performance & Resource Estimates: 
    
    PS: '+' for module; 'o' for loop; '*' for dataflow
    +--------------------------------------------+------+-------+---------+-----------+----------+---------+------+----------+---------+----------+-------------+-------------+-----+
    |                   Modules                  | Issue|       | Latency |  Latency  | Iteration|         | Trip |          |         |          |             |             |     |
    |                   & Loops                  | Type | Slack | (cycles)|    (ns)   |  Latency | Interval| Count| Pipelined|  BRAM   |    DSP   |      FF     |     LUT     | URAM|
    +--------------------------------------------+------+-------+---------+-----------+----------+---------+------+----------+---------+----------+-------------+-------------+-----+
    |+ testfft                                   |     -|  -0.04|      169|  1.690e+03|         -|      170|     -|        no|   4 (1%)|  74 (33%)|  12613 (11%)|  14778 (27%)|    -|
    | + grp_fft_streaming_fu_333*                |     -|  -0.04|       97|    970.000|         -|       26|     -|  dataflow|   4 (1%)|  66 (30%)|   10560 (9%)|  12827 (24%)|    -|
    |  + grp_fft_stage_112_fu_300                |     -|  -0.04|       25|    250.000|         -|       25|     -|        no|  2 (~0%)|  24 (10%)|    2615 (2%)|    3914 (7%)|    -|
    |   o butterfly_loop_dft_loop                |     -|  -7.30|       23|    230.000|        17|        1|     8|       yes|        -|         -|            -|            -|    -|
    |  + grp_fft_stage_113_fu_312                |     -|  -0.04|       25|    250.000|         -|       25|     -|        no|  2 (~0%)|  24 (10%)|    2616 (2%)|    3912 (7%)|    -|
    |   o butterfly_loop_dft_loop                |     -|  -7.30|       23|    230.000|        17|        1|     8|       yes|        -|         -|            -|            -|    -|
    |  + grp_fft_stage_111_fu_324                |     -|  -0.04|       25|    250.000|         -|       25|     -|        no|        -|   18 (8%)|    2319 (2%)|    3262 (6%)|    -|
    |   o dft_loop                               |     -|  -7.30|       23|    230.000|        17|        1|     8|       yes|        -|         -|            -|            -|    -|
    |  + grp_bit_reverse10_fu_332                |     -|  -2.23|       18|    180.000|         -|       18|     -|        no|        -|         -|    521 (~0%)|    283 (~0%)|    -|
    |   o VITIS_LOOP_29_1                        |     -|  -7.30|       16|    160.000|         1|        1|    16|       yes|        -|         -|            -|            -|    -|
    |  + call_ln80_fft_streaming_entry37_fu_354  |     -|  -3.67|        0|      0.000|         -|        0|     -|        no|        -|         -|      3 (~0%)|    164 (~0%)|    -|
    | o VITIS_LOOP_105_1                         |     -|  -7.30|       21|    210.000|         7|        1|    16|       yes|        -|         -|            -|            -|    -|
    | o VITIS_LOOP_132_3                         |     -|  -7.30|       46|    460.000|        32|        1|    16|       yes|        -|         -|            -|            -|    -|
    +--------------------------------------------+------+-------+---------+-----------+----------+---------+------+----------+---------+----------+-------------+-------------+-----+

